// Jest Snapshot v1, https://goo.gl/fbAQLP

exports[`Indecision.vue should match snapshot 1`] = `[Function]`;

exports[`indecision.vue should match snapshot 1`] = `
<div><img src="" alt="bg">
  <div class="bg-dark">
    <h1>Indecision</h1>
    <div class="indecision__container"><input type="text" placeholder="Hazme una pregunta">
      <p>Recuerda terminar con un signo de interrogaci√≥n</p>
    </div>
    <h2></h2>
    <!--v-if-->
  </div>
</div>
`;
